[tintinki.com/index.html]
[backblue.gif]
[fade.gif]
[index.html]
[tintinki.com/_astro-1763590817332/_slug_.OdI3wkKq.css]
[tintinki.com/t]
[assets.zyrosite.com/cdn-cgi/image/format=auto,w=768,fit=crop,q=95/Awv8M0zlzjFkwxpq/tintinka-logo-mnl4qo5388H1lKVX.png]
[tintinki.com/productos.html]
[tintinki.com/recetas.html]
[tintinki.com/nosotros.html]
[tintinki.com/contacto.html]
[assets.zyrosite.com/cdn-cgi/image/format=auto,w=1920,fit=crop/Awv8M0zlzjFkwxpq/imagen-2-YKb8EenXp8iveWGj.jpg]
[assets.zyrosite.com/cdn-cgi/image/format=auto,w=768,h=513,fit=crop/Awv8M0zlzjFkwxpq/chatgpt-image-14-nov-2025-01_09_33-p.m.-IBCfAcEkvnPUHCSp.jpg]
[assets.zyrosite.com/cdn-cgi/image/format=auto,w=375,h=321,fit=crop/Awv8M0zlzjFkwxpq/chatgpt-image-14-nov-2025-01_09_33-p.m.-IBCfAcEkvnPUHCSp.jpg]
[assets.zyrosite.com/cdn-cgi/image/format=auto,w=1920,fit=crop/Awv8M0zlzjFkwxpq/captura-de-pantalla-2025-10-01-183120-YKb83LrogXTQqaJg.png]
[assets.zyrosite.com/cdn-cgi/image/format=auto,w=1440,h=506,fit=crop/Awv8M0zlzjFkwxpq/chatgpt-image-12-nov-2025-05_03_06-p.m.-FqGSw4e9yr4Wy9sE.jpg]
[assets.zyrosite.com/cdn-cgi/image/format=auto,w=375,h=257,fit=crop/Awv8M0zlzjFkwxpq/chatgpt-image-12-nov-2025-05_03_06-p.m.-FqGSw4e9yr4Wy9sE.jpg]
[assets.zyrosite.com/cdn-cgi/image/format=auto,w=768,h=511,fit=crop/Awv8M0zlzjFkwxpq/tintinka-logo-mnl4qo5388H1lKVX.png]
[assets.zyrosite.com/cdn-cgi/image/format=auto,w=375,h=366,fit=crop/Awv8M0zlzjFkwxpq/tintinka-logo-mnl4qo5388H1lKVX.png]
[assets.zyrosite.com/cdn-cgi/image/format=auto,w=375,h=423,fit=crop/Awv8M0zlzjFkwxpq/pib-tintinka-MmeRZOaGrGgtIlqR.jpg]
[assets.zyrosite.com/cdn-cgi/image/format=auto,w=375,h=399,fit=crop/Awv8M0zlzjFkwxpq/pib-tintinka-MmeRZOaGrGgtIlqR.jpg]
[assets.zyrosite.com/cdn-cgi/image/format=auto,w=375,h=486,fit=crop/Awv8M0zlzjFkwxpq/119236215_159998985740765_27517273075867253_n-1uhE7vLOjxGNkCdr.jpg]
[assets.zyrosite.com/cdn-cgi/image/format=auto,w=375,h=399,fit=crop/Awv8M0zlzjFkwxpq/119236215_159998985740765_27517273075867253_n-1uhE7vLOjxGNkCdr.jpg]
[assets.zyrosite.com/cdn-cgi/image/format=auto,w=375,h=475,fit=crop/Awv8M0zlzjFkwxpq/139362783_224937292580267_4642381635643533000_n-4pJbUqBMoVBc0OYb.jpg]
[assets.zyrosite.com/cdn-cgi/image/format=auto,w=375,h=399,fit=crop/Awv8M0zlzjFkwxpq/139362783_224937292580267_4642381635643533000_n-4pJbUqBMoVBc0OYb.jpg]
[assets.zyrosite.com/cdn-cgi/image/format=auto,w=375,h=479,fit=crop/Awv8M0zlzjFkwxpq/476161503_1167822774958376_8247000348745221201_n-aBPkPDlhHiH5kMXm.jpg]
[assets.zyrosite.com/cdn-cgi/image/format=auto,w=375,h=504,fit=crop/Awv8M0zlzjFkwxpq/476161503_1167822774958376_8247000348745221201_n-aBPkPDlhHiH5kMXm.jpg]
[i.ytimg.com/vi/kMOHXM_iEJ4/hqdefault.jpg]
[assets.zyrosite.com/cdn-cgi/image/format=auto,w=375,h=475,fit=crop/Awv8M0zlzjFkwxpq/143481405_233211571752839_775251872336364744_n-zWR30uXIAM8XnIiC.jpg]
[assets.zyrosite.com/cdn-cgi/image/format=auto,w=375,h=366,fit=crop/Awv8M0zlzjFkwxpq/143481405_233211571752839_775251872336364744_n-zWR30uXIAM8XnIiC.jpg]
[tintinki.com/index.html]
[tintinki.com/_astro-1763590817332/_slug_.OdI3wkKq.css]
[tintinki.com/t.html]
[assets.zyrosite.com/cdn-cgi/image/format=auto,w=768,h=517,fit=crop/Awv8M0zlzjFkwxpq/recados-tintinki-yXmejLJYFpP3jhmP.jpg]
[assets.zyrosite.com/cdn-cgi/image/format=auto,w=375,h=311,fit=crop/Awv8M0zlzjFkwxpq/recados-tintinki-yXmejLJYFpP3jhmP.jpg]
[assets.zyrosite.com/cdn-cgi/image/format=auto,w=768,h=511,fit=crop/Awv8M0zlzjFkwxpq/img_9165-bNLahZk5RSYZtpTr.jpg]
[assets.zyrosite.com/cdn-cgi/image/format=auto,w=375,h=399,fit=crop/Awv8M0zlzjFkwxpq/img_9165-bNLahZk5RSYZtpTr.jpg]
[i.ytimg.com/vi/fF4aUaf3VN4/hqdefault.jpg]
[assets.zyrosite.com/cdn-cgi/image/format=auto,w=375,h=455,fit=crop/Awv8M0zlzjFkwxpq/ab1ebb1b-9f9b-427f-bf2e-c171037e9a00-nIflYJJT1P0mtKSj.jpg]
[assets.zyrosite.com/cdn-cgi/image/format=auto,w=375,h=366,fit=crop/Awv8M0zlzjFkwxpq/ab1ebb1b-9f9b-427f-bf2e-c171037e9a00-nIflYJJT1P0mtKSj.jpg]
[assets.zyrosite.com/cdn-cgi/image/format=auto,w=375,h=456,fit=crop/Awv8M0zlzjFkwxpq/135580089_217204230020240_45384546214278834_n-bKRutO57yQSrba8n.jpg]
[assets.zyrosite.com/cdn-cgi/image/format=auto,w=375,h=366,fit=crop/Awv8M0zlzjFkwxpq/135580089_217204230020240_45384546214278834_n-bKRutO57yQSrba8n.jpg]
[assets.zyrosite.com/cdn-cgi/image/format=auto,w=375,h=672,fit=crop/Awv8M0zlzjFkwxpq/chatgpt-image-31-oct-2025-05_26_15-p.m.-EeRv1LWJSZ0RHYQV.jpg]
[assets.zyrosite.com/cdn-cgi/image/format=auto,w=375,h=366,fit=crop/Awv8M0zlzjFkwxpq/chatgpt-image-31-oct-2025-05_26_15-p.m.-EeRv1LWJSZ0RHYQV.jpg]
[assets.zyrosite.com/cdn-cgi/image/format=auto,w=375,h=612,fit=crop,trim=0;40.82392026578073;0;40.82392026578073/Awv8M0zlzjFkwxpq/chatgpt-image-31-oct-2025-04_57_59-p.m.-Y426yKjqDM1S7HFS.jpg]
[assets.zyrosite.com/cdn-cgi/image/format=auto,w=375,h=367,fit=crop,trim=268.1018181818182;0;268.1018181818182;0/Awv8M0zlzjFkwxpq/chatgpt-image-31-oct-2025-04_57_59-p.m.-Y426yKjqDM1S7HFS.jpg]
[assets.zyrosite.com/cdn-cgi/image/format=auto,w=768,h=496,fit=crop/Awv8M0zlzjFkwxpq/img_8980-0br1QLJW2VlFRwNn.jpg]
[assets.zyrosite.com/cdn-cgi/image/format=auto,w=375,h=366,fit=crop/Awv8M0zlzjFkwxpq/img_8980-0br1QLJW2VlFRwNn.jpg]
[assets.zyrosite.com/cdn-cgi/image/format=auto,w=375,h=527,fit=crop/Awv8M0zlzjFkwxpq/309c121a-7440-4812-833b-904d9f072154-bQHkDkNAjWazXB8c.jpg]
[assets.zyrosite.com/cdn-cgi/image/format=auto,w=375,h=368,fit=crop/Awv8M0zlzjFkwxpq/309c121a-7440-4812-833b-904d9f072154-bQHkDkNAjWazXB8c.jpg]
[assets.zyrosite.com/cdn-cgi/image/format=auto,w=375,h=430,fit=crop/Awv8M0zlzjFkwxpq/135807834_217203946686935_1414595495880228626_n-GJvb6KTM2PCsWEzr.jpg]
[assets.zyrosite.com/cdn-cgi/image/format=auto,w=375,h=366,fit=crop/Awv8M0zlzjFkwxpq/135807834_217203946686935_1414595495880228626_n-GJvb6KTM2PCsWEzr.jpg]
[assets.zyrosite.com/cdn-cgi/image/format=auto,w=375,h=518,fit=crop/Awv8M0zlzjFkwxpq/9a7d3ac0-8767-461a-afb6-9772c65800ed-689LVi8gdwEp8HiM.jpg]
[tintinki.com/productos.html]
[assets.zyrosite.com/cdn-cgi/image/format=auto,w=375,h=283,fit=crop/Awv8M0zlzjFkwxpq/f77d8bda-0829-4dfb-802e-141b41cd16e6-IMj3PyuBKcpOIUq5.jpg]
[assets.zyrosite.com/cdn-cgi/image/format=auto,w=375,h=375,fit=crop/Awv8M0zlzjFkwxpq/49426c7d-49ed-4909-b62f-1a76fe66c6e9-aOUymgGzZ6PlyIkA.jpg]
[assets.zyrosite.com/cdn-cgi/image/format=auto,w=375,h=567,fit=crop/Awv8M0zlzjFkwxpq/chatgpt-image-12-nov-2025-02_29_56-p.m.-aRmtx96yWCRUSB4a.jpg]
[assets.zyrosite.com/cdn-cgi/image/format=auto,w=375,h=250,fit=crop/Awv8M0zlzjFkwxpq/tintinka-logo-mnl4qo5388H1lKVX.png]
[assets.zyrosite.com/cdn-cgi/image/format=auto,w=375,h=367,fit=crop/Awv8M0zlzjFkwxpq/tintinka-logo-mnl4qo5388H1lKVX.png]
[assets.zyrosite.com/cdn-cgi/image/format=auto,w=375,h=249,fit=crop/Awv8M0zlzjFkwxpq/chatgpt-image-12-nov-2025-03_01_30-p.m.-CDwIuwl5nPEmNTam.jpg]
[assets.zyrosite.com/cdn-cgi/image/format=auto,w=375,h=366,fit=crop/Awv8M0zlzjFkwxpq/chatgpt-image-12-nov-2025-03_01_30-p.m.-CDwIuwl5nPEmNTam.jpg]
[assets.zyrosite.com/cdn-cgi/image/format=auto,w=375,h=250,fit=crop/Awv8M0zlzjFkwxpq/chatgpt-image-12-nov-2025-03_41_12-p.m.-CdNHLBb9Xl1Wmzew.jpg]
[assets.zyrosite.com/cdn-cgi/image/format=auto,w=375,h=365,fit=crop/Awv8M0zlzjFkwxpq/chatgpt-image-12-nov-2025-03_41_12-p.m.-CdNHLBb9Xl1Wmzew.jpg]
[assets.zyrosite.com/cdn-cgi/image/format=auto,w=375,h=250,fit=crop/Awv8M0zlzjFkwxpq/chatgpt-image-12-nov-2025-03_46_51-p.m.-1KxBTnbeuE9jOjlN.jpg]
[assets.zyrosite.com/cdn-cgi/image/format=auto,w=375,h=366,fit=crop/Awv8M0zlzjFkwxpq/chatgpt-image-12-nov-2025-03_46_51-p.m.-1KxBTnbeuE9jOjlN.jpg]
[assets.zyrosite.com/cdn-cgi/image/format=auto,w=375,h=250,fit=crop/Awv8M0zlzjFkwxpq/chatgpt-image-12-nov-2025-03_58_42-p.m.-zVsGbxakque2nXHs.jpg]
[assets.zyrosite.com/cdn-cgi/image/format=auto,w=375,h=366,fit=crop/Awv8M0zlzjFkwxpq/chatgpt-image-12-nov-2025-03_58_42-p.m.-zVsGbxakque2nXHs.jpg]
[assets.zyrosite.com/cdn-cgi/image/format=auto,w=375,h=250,fit=crop/Awv8M0zlzjFkwxpq/chatgpt-image-12-nov-2025-04_00_51-p.m.-zOXhdwRayCdwyYoR.jpg]
[assets.zyrosite.com/cdn-cgi/image/format=auto,w=375,h=366,fit=crop/Awv8M0zlzjFkwxpq/chatgpt-image-12-nov-2025-04_00_51-p.m.-zOXhdwRayCdwyYoR.jpg]
[assets.zyrosite.com/cdn-cgi/image/format=auto,w=375,h=251,fit=crop/Awv8M0zlzjFkwxpq/chatgpt-image-12-nov-2025-04_15_53-p.m.-L1CPa2dU1xvCGfMl.jpg]
[assets.zyrosite.com/cdn-cgi/image/format=auto,w=375,h=366,fit=crop/Awv8M0zlzjFkwxpq/chatgpt-image-12-nov-2025-04_15_53-p.m.-L1CPa2dU1xvCGfMl.jpg]
[assets.zyrosite.com/cdn-cgi/image/format=auto,w=375,h=280,fit=crop/Awv8M0zlzjFkwxpq/chatgpt-image-14-nov-2025-05_11_38-p.m.-HtDY9eQ4xCkmJNWP.jpg]
[assets.zyrosite.com/cdn-cgi/image/format=auto,w=375,h=366,fit=crop/Awv8M0zlzjFkwxpq/chatgpt-image-14-nov-2025-05_11_38-p.m.-HtDY9eQ4xCkmJNWP.jpg]
[assets.zyrosite.com/cdn-cgi/image/format=auto,w=375,h=250,fit=crop/Awv8M0zlzjFkwxpq/chatgpt-image-14-nov-2025-04_00_09-p.m.-XJkwJRsS359hUgeS.jpg]
[assets.zyrosite.com/cdn-cgi/image/format=auto,w=375,h=366,fit=crop/Awv8M0zlzjFkwxpq/chatgpt-image-14-nov-2025-04_00_09-p.m.-XJkwJRsS359hUgeS.jpg]
[assets.zyrosite.com/cdn-cgi/image/format=auto,w=375,h=251,fit=crop/Awv8M0zlzjFkwxpq/chatgpt-image-14-nov-2025-04_06_04-p.m.-BOtQz0BNWWCiH3rI.jpg]
[assets.zyrosite.com/cdn-cgi/image/format=auto,w=375,h=366,fit=crop/Awv8M0zlzjFkwxpq/chatgpt-image-14-nov-2025-04_06_04-p.m.-BOtQz0BNWWCiH3rI.jpg]
[assets.zyrosite.com/cdn-cgi/image/format=auto,w=375,h=250,fit=crop/Awv8M0zlzjFkwxpq/chatgpt-image-14-nov-2025-04_21_08-p.m.-S1Pm6mssvUERYkaL.jpg]
[assets.zyrosite.com/cdn-cgi/image/format=auto,w=375,h=367,fit=crop/Awv8M0zlzjFkwxpq/chatgpt-image-14-nov-2025-04_21_08-p.m.-S1Pm6mssvUERYkaL.jpg]
[assets.zyrosite.com/cdn-cgi/image/format=auto,w=375,h=250,fit=crop/Awv8M0zlzjFkwxpq/chatgpt-image-14-nov-2025-04_25_05-p.m.-D5nmgSSeXqPm4nhy.jpg]
[assets.zyrosite.com/cdn-cgi/image/format=auto,w=375,h=367,fit=crop/Awv8M0zlzjFkwxpq/chatgpt-image-14-nov-2025-04_25_05-p.m.-D5nmgSSeXqPm4nhy.jpg]
[tintinki.com/recetas.html]
[assets.zyrosite.com/cdn-cgi/image/format=auto,w=1920,fit=crop/Awv8M0zlzjFkwxpq/captura-de-pantalla-2025-10-01-182514-YbN4BODDr3T68Qob.png]
[assets.zyrosite.com/cdn-cgi/image/format=auto,w=768,h=656,fit=crop/Awv8M0zlzjFkwxpq/mesa-con-muestras-cuqwmTnvnJFxV4Gk.jpg]
[assets.zyrosite.com/cdn-cgi/image/format=auto,w=375,h=302,fit=crop/Awv8M0zlzjFkwxpq/mesa-con-muestras-cuqwmTnvnJFxV4Gk.jpg]
[assets.zyrosite.com/cdn-cgi/image/format=auto,w=768,h=512,fit=crop/Awv8M0zlzjFkwxpq/tintinka-logo-mnl4qo5388H1lKVX.png]
[tintinki.com/nosotros.html]
[tintinki.com/_http_/tintinki.mx/__tintinki.mx_/a__/span__/h3__p.4d.delayed]
[assets.zyrosite.com/cdn-cgi/image/format=auto,w=1440,h=533,fit=crop/Awv8M0zlzjFkwxpq/552217134_1376536404475769_2724445370010118675_n-632yvysazOMMCPR4.jpg]
[assets.zyrosite.com/cdn-cgi/image/format=auto,w=375,h=303,fit=crop/Awv8M0zlzjFkwxpq/552217134_1376536404475769_2724445370010118675_n-632yvysazOMMCPR4.jpg]
[tintinki.com/contacto.html]
[tintinki.com/_http_/tintinki.mx/__tintinki.mx_/a__/span__/h3__p.html]
